libvirt-1-format:
 internal snapshots: '1727868651' '1727872064'
